Nodes don't match.

condition {
  attribute: 1
  condition {
    higher_condition {
      threshold: 2
    }
  }
}

vs

condition {
  attribute: 1
  condition {
    higher_condition {
      threshold: 3
    }
  }
}

==========
Full trees (me vs other):

    "f1">=1 [s:0 n:0 np:0 miss:0]
        ├─(pos)─ "f1">=2 [s:0 n:0 np:0 miss:0]
        |        ├─(pos)─ pred:2
        |        └─(neg)─ pred:3
        └─(neg)─ pred:1

vs

    "f1">=1 [s:0 n:0 np:0 miss:0]
        ├─(pos)─ "f1">=3 [s:0 n:0 np:0 miss:0]
        |        ├─(pos)─ pred:2
        |        └─(neg)─ pred:3
        └─(neg)─ pred:1
