package com.google.ydf;

import java.util.BitSet;

public final class YdfModel {


  private YdfModel() {} // Prevent instantiation
}
